// Jest Snapshot v1, https://goo.gl/fbAQLP

exports[`plugin generation chain completes 1`] = `
"import React from \\"react\\";
import { connect } from \\"react-redux\\";
import Grid from \\"@material-ui/core/Grid\\";
import SkillsContainer from './SkillsContainer';
import CharacteristicsContainer from './CharacteristicsContainer';
import CombatContainer from './CombatContainer';
import BiographyContainer from './BiographyContainer';

const Component = () => (
    <div id=\\"summary-view\\">
<SkillsContainer />
<CharacteristicsContainer />
<CombatContainer />
<BiographyContainer />
    </div>
);

export default Component;"
`;
